// Jest Snapshot v1, https://goo.gl/fbAQLP

exports[`Radio renders 1`] = `
<Radio
  disabled={false}
  forwardedRef={null}
  label="Testing"
  name="Test"
  type="default"
  value={true}
  variant="borderless"
/>
`;
