// Jest Snapshot v1, https://goo.gl/fbAQLP

exports[`Button renders 1`] = `
<Button
  forwardedRef={null}
  type="button"
  variant="primary"
  wide={false}
>
  Submit
</Button>
`;
