// Jest Snapshot v1, https://goo.gl/fbAQLP

exports[`Dropdown renders default dropdown 1`] = `
<Dropdown
  forwardedRef={null}
  ignoreAccents={true}
  ignoreCase={true}
  label="testing"
  labelType="small"
  loadingState="success"
  matchFrom="start"
  onChange={[Function]}
  options={Array []}
  required={false}
  searchMaxLength={100}
  styles={Object {}}
  trim={true}
  type="text"
/>
`;
